DEBUG 2026-08-06 02:30:00.016 [AppmonScheduler_Worker-1] START {group=counterPersistSchedule, name=appmon/persist/counter/rollup.job, scheduledFireTime=2026-08-06T02:30:00, fireTime=2026-08-06T02:30:00.002, nextFireTime=2026-08-06T02:35:00}
DEBUG 2026-08-06 02:30:00.032 [AppmonScheduler_Worker-1] SUCCESS {group=counterPersistSchedule, name=appmon/persist/counter/rollup.job, fireTime=2026-08-06T02:30:00.002, jobRunTime=11}
DEBUG 2026-08-06 02:35:00.006 [AppmonScheduler_Worker-1] START {group=counterPersistSchedule, name=appmon/persist/counter/rollup.job, scheduledFireTime=2026-08-06T02:35:00, fireTime=2026-08-06T02:35:00.001, nextFireTime=2026-08-06T02:40:00}
DEBUG 2026-08-06 02:35:00.013 [AppmonScheduler_Worker-1] SUCCESS {group=counterPersistSchedule, name=appmon/persist/counter/rollup.job, fireTime=2026-08-06T02:35:00.001, jobRunTime=3}
DEBUG 2026-08-06 02:40:00.002 [AppmonScheduler_Worker-1] START {group=counterPersistSchedule, name=appmon/persist/counter/rollup.job, scheduledFireTime=2026-08-06T02:40:00, fireTime=2026-08-06T02:40:00.001, previousFireTime=2026-08-06T02:35:00, nextFireTime=2026-08-06T02:45:00}
DEBUG 2026-08-06 02:40:00.028 [AppmonScheduler_Worker-1] SUCCESS {group=counterPersistSchedule, name=appmon/persist/counter/rollup.job, fireTime=2026-08-06T02:40:00.001, jobRunTime=1}
DEBUG 2026-08-06 02:45:00.030 [AppmonScheduler_Worker-1] START {group=counterPersistSchedule, name=appmon/persist/counter/rollup.job, scheduledFireTime=2026-08-06T02:45:00, fireTime=2026-08-06T02:45:00.004, nextFireTime=2026-08-06T02:50:00}
DEBUG 2026-08-06 02:45:00.122 [AppmonScheduler_Worker-1] SUCCESS {group=counterPersistSchedule, name=appmon/persist/counter/rollup.job, fireTime=2026-08-06T02:45:00.004, jobRunTime=82}
DEBUG 2026-08-06 02:50:00.006 [AppmonScheduler_Worker-1] START {group=counterPersistSchedule, name=appmon/persist/counter/rollup.job, scheduledFireTime=2026-08-06T02:50:00, fireTime=2026-08-06T02:50:00.001, nextFireTime=2026-08-06T02:55:00}
DEBUG 2026-08-06 02:50:00.087 [AppmonScheduler_Worker-1] SUCCESS {group=counterPersistSchedule, name=appmon/persist/counter/rollup.job, fireTime=2026-08-06T02:50:00.001, jobRunTime=78}
DEBUG 2026-08-06 02:55:00.036 [AppmonScheduler_Worker-1] START {group=counterPersistSchedule, name=appmon/persist/counter/rollup.job, scheduledFireTime=2026-08-06T02:55:00, fireTime=2026-08-06T02:55:00.004, nextFireTime=2026-08-06T03:00:00}
DEBUG 2026-08-06 02:55:00.050 [AppmonScheduler_Worker-1] SUCCESS {group=counterPersistSchedule, name=appmon/persist/counter/rollup.job, fireTime=2026-08-06T02:55:00.004, jobRunTime=4}
DEBUG 2026-08-06 03:00:00.002 [AppmonScheduler_Worker-1] START {group=counterPersistSchedule, name=appmon/persist/counter/rollup.job, scheduledFireTime=2026-08-06T03:00:00, fireTime=2026-08-06T03:00:00.001, previousFireTime=2026-08-06T02:55:00, nextFireTime=2026-08-06T03:05:00}
DEBUG 2026-08-06 03:00:00.003 [AppmonScheduler_Worker-1] SUCCESS {group=counterPersistSchedule, name=appmon/persist/counter/rollup.job, fireTime=2026-08-06T03:00:00.001, jobRunTime=1}
DEBUG 2026-08-06 03:05:00.008 [AppmonScheduler_Worker-1] START {group=counterPersistSchedule, name=appmon/persist/counter/rollup.job, scheduledFireTime=2026-08-06T03:05:00, fireTime=2026-08-06T03:05:00.001, nextFireTime=2026-08-06T03:10:00}
DEBUG 2026-08-06 03:05:00.015 [AppmonScheduler_Worker-1] SUCCESS {group=counterPersistSchedule, name=appmon/persist/counter/rollup.job, fireTime=2026-08-06T03:05:00.001, jobRunTime=3}
DEBUG 2026-08-06 03:10:00.001 [AppmonScheduler_Worker-1] START {group=counterPersistSchedule, name=appmon/persist/counter/rollup.job, scheduledFireTime=2026-08-06T03:10:00, fireTime=2026-08-06T03:10:00.001, previousFireTime=2026-08-06T03:05:00, nextFireTime=2026-08-06T03:15:00}
DEBUG 2026-08-06 03:10:00.006 [AppmonScheduler_Worker-1] SUCCESS {group=counterPersistSchedule, name=appmon/persist/counter/rollup.job, fireTime=2026-08-06T03:10:00.001, jobRunTime=1}
DEBUG 2026-08-06 03:15:00.003 [AppmonScheduler_Worker-1] START {group=counterPersistSchedule, name=appmon/persist/counter/rollup.job, scheduledFireTime=2026-08-06T03:15:00, fireTime=2026-08-06T03:15:00.002, previousFireTime=2026-08-06T03:10:00, nextFireTime=2026-08-06T03:20:00}
DEBUG 2026-08-06 03:15:00.012 [AppmonScheduler_Worker-1] SUCCESS {group=counterPersistSchedule, name=appmon/persist/counter/rollup.job, fireTime=2026-08-06T03:15:00.002, jobRunTime=3}
DEBUG 2026-08-06 03:20:00.029 [AppmonScheduler_Worker-1] START {group=counterPersistSchedule, name=appmon/persist/counter/rollup.job, scheduledFireTime=2026-08-06T03:20:00, fireTime=2026-08-06T03:20:00.002, nextFireTime=2026-08-06T03:25:00}
DEBUG 2026-08-06 03:20:00.041 [AppmonScheduler_Worker-1] SUCCESS {group=counterPersistSchedule, name=appmon/persist/counter/rollup.job, fireTime=2026-08-06T03:20:00.002, jobRunTime=4}
DEBUG 2026-08-06 03:25:00.010 [AppmonScheduler_Worker-1] START {group=counterPersistSchedule, name=appmon/persist/counter/rollup.job, scheduledFireTime=2026-08-06T03:25:00, fireTime=2026-08-06T03:25:00.002, nextFireTime=2026-08-06T03:30:00}
DEBUG 2026-08-06 03:25:00.015 [AppmonScheduler_Worker-1] SUCCESS {group=counterPersistSchedule, name=appmon/persist/counter/rollup.job, fireTime=2026-08-06T03:25:00.002, jobRunTime=2}
DEBUG 2026-08-06 03:30:00.001 [AppmonScheduler_Worker-1] START {group=counterPersistSchedule, name=appmon/persist/counter/rollup.job, scheduledFireTime=2026-08-06T03:30:00, fireTime=2026-08-06T03:30:00, previousFireTime=2026-08-06T03:25:00, nextFireTime=2026-08-06T03:35:00}
DEBUG 2026-08-06 03:30:00.002 [AppmonScheduler_Worker-1] SUCCESS {group=counterPersistSchedule, name=appmon/persist/counter/rollup.job, fireTime=2026-08-06T03:30:00, jobRunTime=1}
DEBUG 2026-08-06 03:35:00.001 [AppmonScheduler_Worker-1] START {group=counterPersistSchedule, name=appmon/persist/counter/rollup.job, scheduledFireTime=2026-08-06T03:35:00, fireTime=2026-08-06T03:35:00, previousFireTime=2026-08-06T03:30:00, nextFireTime=2026-08-06T03:40:00}
DEBUG 2026-08-06 03:35:00.006 [AppmonScheduler_Worker-1] SUCCESS {group=counterPersistSchedule, name=appmon/persist/counter/rollup.job, fireTime=2026-08-06T03:35:00, jobRunTime=1}
DEBUG 2026-08-06 03:40:00.001 [AppmonScheduler_Worker-1] START {group=counterPersistSchedule, name=appmon/persist/counter/rollup.job, scheduledFireTime=2026-08-06T03:40:00, fireTime=2026-08-06T03:40:00.001, previousFireTime=2026-08-06T03:35:00, nextFireTime=2026-08-06T03:45:00}
DEBUG 2026-08-06 03:40:00.003 [AppmonScheduler_Worker-1] SUCCESS {group=counterPersistSchedule, name=appmon/persist/counter/rollup.job, fireTime=2026-08-06T03:40:00.001, jobRunTime=1}
DEBUG 2026-08-06 03:45:06.077 [AppmonScheduler_Worker-1] START {group=counterPersistSchedule, name=appmon/persist/counter/rollup.job, scheduledFireTime=2026-08-06T03:45:00, fireTime=2026-08-06T03:45:06.077, previousFireTime=2026-08-06T03:40:00, nextFireTime=2026-08-06T03:50:00}
DEBUG 2026-08-06 03:45:06.078 [AppmonScheduler_Worker-1] SUCCESS {group=counterPersistSchedule, name=appmon/persist/counter/rollup.job, fireTime=2026-08-06T03:45:06.077, jobRunTime=1}
DEBUG 2026-08-06 03:50:00.032 [AppmonScheduler_Worker-1] START {group=counterPersistSchedule, name=appmon/persist/counter/rollup.job, scheduledFireTime=2026-08-06T03:50:00, fireTime=2026-08-06T03:50:00.001, nextFireTime=2026-08-06T03:55:00}
DEBUG 2026-08-06 03:50:00.043 [AppmonScheduler_Worker-1] SUCCESS {group=counterPersistSchedule, name=appmon/persist/counter/rollup.job, fireTime=2026-08-06T03:50:00.001, jobRunTime=6}
DEBUG 2026-08-06 03:55:00.001 [AppmonScheduler_Worker-1] START {group=counterPersistSchedule, name=appmon/persist/counter/rollup.job, scheduledFireTime=2026-08-06T03:55:00, fireTime=2026-08-06T03:55:00, previousFireTime=2026-08-06T03:50:00, nextFireTime=2026-08-06T04:00:00}
DEBUG 2026-08-06 03:55:00.003 [AppmonScheduler_Worker-1] SUCCESS {group=counterPersistSchedule, name=appmon/persist/counter/rollup.job, fireTime=2026-08-06T03:55:00, jobRunTime=2}
DEBUG 2026-08-06 04:00:00.001 [AppmonScheduler_Worker-1] START {group=counterPersistSchedule, name=appmon/persist/counter/rollup.job, scheduledFireTime=2026-08-06T04:00:00, fireTime=2026-08-06T04:00:00.001, previousFireTime=2026-08-06T03:55:00, nextFireTime=2026-08-06T04:05:00}
DEBUG 2026-08-06 04:00:00.006 [AppmonScheduler_Worker-1] SUCCESS {group=counterPersistSchedule, name=appmon/persist/counter/rollup.job, fireTime=2026-08-06T04:00:00.001, jobRunTime=0}
DEBUG 2026-08-06 04:05:00.001 [AppmonScheduler_Worker-1] START {group=counterPersistSchedule, name=appmon/persist/counter/rollup.job, scheduledFireTime=2026-08-06T04:05:00, fireTime=2026-08-06T04:05:00, previousFireTime=2026-08-06T04:00:00, nextFireTime=2026-08-06T04:10:00}
DEBUG 2026-08-06 04:05:00.003 [AppmonScheduler_Worker-1] SUCCESS {group=counterPersistSchedule, name=appmon/persist/counter/rollup.job, fireTime=2026-08-06T04:05:00, jobRunTime=2}
DEBUG 2026-08-06 04:10:00.002 [AppmonScheduler_Worker-1] START {group=counterPersistSchedule, name=appmon/persist/counter/rollup.job, scheduledFireTime=2026-08-06T04:10:00, fireTime=2026-08-06T04:10:00.001, previousFireTime=2026-08-06T04:05:00, nextFireTime=2026-08-06T04:15:00}
DEBUG 2026-08-06 04:10:00.005 [AppmonScheduler_Worker-1] SUCCESS {group=counterPersistSchedule, name=appmon/persist/counter/rollup.job, fireTime=2026-08-06T04:10:00.001, jobRunTime=2}
